Archive member included to satisfy reference by file (symbol)

c:/program files (x86)/atmel/studio/7.0/toolchain/avr8/avr8-gnu-toolchain/bin/../lib/gcc/avr/5.4.0/../../../../avr/lib/avr5\libm.a(addsf3.o)
                              System/BMP180/bmp085.o (__subsf3)
c:/program files (x86)/atmel/studio/7.0/toolchain/avr8/avr8-gnu-toolchain/bin/../lib/gcc/avr/5.4.0/../../../../avr/lib/avr5\libm.a(addsf3x.o)
                              c:/program files (x86)/atmel/studio/7.0/toolchain/avr8/avr8-gnu-toolchain/bin/../lib/gcc/avr/5.4.0/../../../../avr/lib/avr5\libm.a(addsf3.o) (__addsf3x)
c:/program files (x86)/atmel/studio/7.0/toolchain/avr8/avr8-gnu-toolchain/bin/../lib/gcc/avr/5.4.0/../../../../avr/lib/avr5\libm.a(divsf3.o)
                              System/BMP180/bmp085.o (__divsf3)
c:/program files (x86)/atmel/studio/7.0/toolchain/avr8/avr8-gnu-toolchain/bin/../lib/gcc/avr/5.4.0/../../../../avr/lib/avr5\libm.a(divsf3x.o)
                              c:/program files (x86)/atmel/studio/7.0/toolchain/avr8/avr8-gnu-toolchain/bin/../lib/gcc/avr/5.4.0/../../../../avr/lib/avr5\libm.a(divsf3.o) (__divsf3x)
c:/program files (x86)/atmel/studio/7.0/toolchain/avr8/avr8-gnu-toolchain/bin/../lib/gcc/avr/5.4.0/../../../../avr/lib/avr5\libm.a(fixsfsi.o)
                              main.o (__fixsfsi)
c:/program files (x86)/atmel/studio/7.0/toolchain/avr8/avr8-gnu-toolchain/bin/../lib/gcc/avr/5.4.0/../../../../avr/lib/avr5\libm.a(fixunssfsi.o)
                              c:/program files (x86)/atmel/studio/7.0/toolchain/avr8/avr8-gnu-toolchain/bin/../lib/gcc/avr/5.4.0/../../../../avr/lib/avr5\libm.a(fixsfsi.o) (__fixunssfsi)
c:/program files (x86)/atmel/studio/7.0/toolchain/avr8/avr8-gnu-toolchain/bin/../lib/gcc/avr/5.4.0/../../../../avr/lib/avr5\libm.a(floatsisf.o)
                              System/BMP180/bmp085.o (__floatsisf)
c:/program files (x86)/atmel/studio/7.0/toolchain/avr8/avr8-gnu-toolchain/bin/../lib/gcc/avr/5.4.0/../../../../avr/lib/avr5\libm.a(fp_inf.o)
                              c:/program files (x86)/atmel/studio/7.0/toolchain/avr8/avr8-gnu-toolchain/bin/../lib/gcc/avr/5.4.0/../../../../avr/lib/avr5\libm.a(addsf3x.o) (__fp_inf)
c:/program files (x86)/atmel/studio/7.0/toolchain/avr8/avr8-gnu-toolchain/bin/../lib/gcc/avr/5.4.0/../../../../avr/lib/avr5\libm.a(fp_nan.o)
                              c:/program files (x86)/atmel/studio/7.0/toolchain/avr8/avr8-gnu-toolchain/bin/../lib/gcc/avr/5.4.0/../../../../avr/lib/avr5\libm.a(addsf3x.o) (__fp_nan)
c:/program files (x86)/atmel/studio/7.0/toolchain/avr8/avr8-gnu-toolchain/bin/../lib/gcc/avr/5.4.0/../../../../avr/lib/avr5\libm.a(fp_pscA.o)
                              c:/program files (x86)/atmel/studio/7.0/toolchain/avr8/avr8-gnu-toolchain/bin/../lib/gcc/avr/5.4.0/../../../../avr/lib/avr5\libm.a(addsf3x.o) (__fp_pscA)
c:/program files (x86)/atmel/studio/7.0/toolchain/avr8/avr8-gnu-toolchain/bin/../lib/gcc/avr/5.4.0/../../../../avr/lib/avr5\libm.a(fp_pscB.o)
                              c:/program files (x86)/atmel/studio/7.0/toolchain/avr8/avr8-gnu-toolchain/bin/../lib/gcc/avr/5.4.0/../../../../avr/lib/avr5\libm.a(addsf3x.o) (__fp_pscB)
c:/program files (x86)/atmel/studio/7.0/toolchain/avr8/avr8-gnu-toolchain/bin/../lib/gcc/avr/5.4.0/../../../../avr/lib/avr5\libm.a(fp_round.o)
                              c:/program files (x86)/atmel/studio/7.0/toolchain/avr8/avr8-gnu-toolchain/bin/../lib/gcc/avr/5.4.0/../../../../avr/lib/avr5\libm.a(addsf3.o) (__fp_round)
c:/program files (x86)/atmel/studio/7.0/toolchain/avr8/avr8-gnu-toolchain/bin/../lib/gcc/avr/5.4.0/../../../../avr/lib/avr5\libm.a(fp_split3.o)
                              c:/program files (x86)/atmel/studio/7.0/toolchain/avr8/avr8-gnu-toolchain/bin/../lib/gcc/avr/5.4.0/../../../../avr/lib/avr5\libm.a(addsf3x.o) (__fp_split3)
c:/program files (x86)/atmel/studio/7.0/toolchain/avr8/avr8-gnu-toolchain/bin/../lib/gcc/avr/5.4.0/../../../../avr/lib/avr5\libm.a(fp_zero.o)
                              c:/program files (x86)/atmel/studio/7.0/toolchain/avr8/avr8-gnu-toolchain/bin/../lib/gcc/avr/5.4.0/../../../../avr/lib/avr5\libm.a(addsf3x.o) (__fp_zero)
c:/program files (x86)/atmel/studio/7.0/toolchain/avr8/avr8-gnu-toolchain/bin/../lib/gcc/avr/5.4.0/../../../../avr/lib/avr5\libm.a(mulsf3.o)
                              System/ReadCapacitance.o (__mulsf3)
c:/program files (x86)/atmel/studio/7.0/toolchain/avr8/avr8-gnu-toolchain/bin/../lib/gcc/avr/5.4.0/../../../../avr/lib/avr5\libm.a(mulsf3x.o)
                              c:/program files (x86)/atmel/studio/7.0/toolchain/avr8/avr8-gnu-toolchain/bin/../lib/gcc/avr/5.4.0/../../../../avr/lib/avr5\libm.a(mulsf3.o) (__mulsf3x)
c:/program files (x86)/atmel/studio/7.0/toolchain/avr8/avr8-gnu-toolchain/bin/../lib/gcc/avr/5.4.0/../../../../avr/lib/avr5\libm.a(pow.o)
                              System/BMP180/bmp085.o (pow)
[...]
Memory Configuration

Name             Origin             Length             Attributes
text             0x00000000         0x00020000         xr
data             0x00800060         0x0000ffa0         rw !x
eeprom           0x00810000         0x00010000         rw !x
fuse             0x00820000         0x00000003         rw !x
lock             0x00830000         0x00000400         rw !x
signature        0x00840000         0x00000400         rw !x
user_signatures  0x00850000         0x00000400         rw !x
*default*        0x00000000         0xffffffff

Linker script and memory map

Address of section .data set to 0x800100
LOAD C:/Program Files (x86)/Atmel/Studio/7.0/Packs/atmel/ATmega_DFP/1.1.130/gcc/dev/atmega328p/avr5/crtatmega328p.o
LOAD main.o
LOAD RF/nrf24l01.o
LOAD System/AnalogMultiplexer.o
LOAD System/BatteryLevels.o
LOAD System/BMP180/bmp085.o
LOAD System/dht/dht.o
LOAD System/i2chw/twimaster.o
LOAD System/LightSensor.o
LOAD System/ReadADC.o
LOAD System/ReadCapacitance.o
LOAD System/ReadGAS.o
LOAD System/RF.o
LOAD System/IntegerToHex.o
LOAD System/WindDirection.o
LOAD System/WindSpeed.o
LOAD UART/STDIO_UART.o
START GROUP
LOAD c:/program files (x86)/atmel/studio/7.0/toolchain/avr8/avr8-gnu-toolchain/bin/../lib/gcc/avr/5.4.0/../../../../avr/lib/avr5\libm.a
END GROUP
START GROUP
LOAD c:/program files (x86)/atmel/studio/7.0/toolchain/avr8/avr8-gnu-toolchain/bin/../lib/gcc/avr/5.4.0/avr5\libgcc.a
LOAD c:/program files (x86)/atmel/studio/7.0/toolchain/avr8/avr8-gnu-toolchain/bin/../lib/gcc/avr/5.4.0/../../../../avr/lib/avr5\libm.a
LOAD c:/program files (x86)/atmel/studio/7.0/toolchain/avr8/avr8-gnu-toolchain/bin/../lib/gcc/avr/5.4.0/../../../../avr/lib/avr5\libc.a
LOAD C:/Program Files (x86)/Atmel/Studio/7.0/Packs/atmel/ATmega_DFP/1.1.130/gcc/dev/atmega328p/avr5\libatmega328p.a
END GROUP
                0x00020000                __TEXT_REGION_LENGTH__ = DEFINED (__TEXT_REGION_LENGTH__)?__TEXT_REGION_LENGTH__:0x20000
                0x0000ffa0                __DATA_REGION_LENGTH__ = DEFINED (__DATA_REGION_LENGTH__)?__DATA_REGION_LENGTH__:0xffa0
                0x00010000                __EEPROM_REGION_LENGTH__ = DEFINED (__EEPROM_REGION_LENGTH__)?__EEPROM_REGION_LENGTH__:0x10000
                [0x00000003]                __FUSE_REGION_LENGTH__ = DEFINED (__FUSE_REGION_LENGTH__)?__FUSE_REGION_LENGTH__:0x400
                0x00000400                __LOCK_REGION_LENGTH__ = DEFINED (__LOCK_REGION_LENGTH__)?__LOCK_REGION_LENGTH__:0x400
                0x00000400                __SIGNATURE_REGION_LENGTH__ = DEFINED (__SIGNATURE_REGION_LENGTH__)?__SIGNATURE_REGION_LENGTH__:0x400
                0x00000400                __USER_SIGNATURE_REGION_LENGTH__ = DEFINED (__USER_SIGNATURE_REGION_LENGTH__)?__USER_SIGNATURE_REGION_LENGTH__:0x400

.hash
 *(.hash)

.dynsym
 *(.dynsym)

.dynstr
 *(.dynstr)

.gnu.version
 *(.gnu.version)

.gnu.version_d
 *(.gnu.version_d)

.gnu.version_r
 *(.gnu.version_r)

.rel.init
 *(.rel.init)

.rela.init
 *(.rela.init)

.rel.text
 *(.rel.text)
 *(.rel.text.*)
 *(.rel.gnu.linkonce.t*)

.rela.text
 *(.rela.text)
 *(.rela.text.*)
 *(.rela.gnu.linkonce.t*)

.rel.fini
 *(.rel.fini)

.rela.fini
 *(.rela.fini)

.rel.rodata
 *(.rel.rodata)
 *(.rel.rodata.*)
 *(.rel.gnu.linkonce.r*)

.rela.rodata
 *(.rela.rodata)
 *(.rela.rodata.*)
 *(.rela.gnu.linkonce.r*)

.rel.data
 *(.rel.data)
 *(.rel.data.*)
 *(.rel.gnu.linkonce.d*)

.rela.data
 *(.rela.data)
 *(.rela.data.*)
 *(.rela.gnu.linkonce.d*)

.rel.ctors
 *(.rel.ctors)

.rela.ctors
 *(.rela.ctors)

.rel.dtors
 *(.rel.dtors)

.rela.dtors
 *(.rela.dtors)

.rel.got
 *(.rel.got)

.rela.got
 *(.rela.got)

.rel.bss
 *(.rel.bss)

.rela.bss
 *(.rela.bss)

.rel.plt
 *(.rel.plt)

.rela.plt
 *(.rela.plt)

.text           0x00000000     0x255e
 *(.vectors)
 .vectors       0x00000000       0x68 C:/Program Files (x86)/Atmel/Studio/7.0/Packs/atmel/ATmega_DFP/1.1.130/gcc/dev/atmega328p/avr5/crtatmega328p.o
                0x00000000                __vector_default
                0x00000000                __vectors
 *(.vectors)
 *(.progmem.gcc*)
 .progmem.gcc_sw_table.assignData
                0x00000068       0x14 main.o
                0x0000007c                . = ALIGN (0x2)
                0x0000007c                __trampolines_start = .
 *(.trampolines)
 .trampolines   0x0000007c        0x0 linker stubs
 *(.trampolines*)
                0x0000007c                __trampolines_end = .
 *libprintf_flt.a:*(.progmem.data)
 *libc.a:*(.progmem.data)
 *(.progmem*)
                0x0000007c                . = ALIGN (0x2)
 *(.jumptables)
 *(.jumptables*)
 *(.lowtext)
 *(.lowtext*)
                0x0000007c                __ctors_start = .
 *(.ctors)
                0x0000007c                __ctors_end = .
                0x0000007c                __dtors_start = .
 *(.dtors)
                0x0000007c                __dtors_end = .
 SORT(*)(.ctors)
 SORT(*)(.dtors)
 *(.init0)
 .init0         0x0000007c        0x0 C:/Program Files (x86)/Atmel/Studio/7.0/Packs/atmel/ATmega_DFP/1.1.130/gcc/dev/atmega328p/avr5/crtatmega328p.o
                0x0000007c                __init
 *(.init0)
 *(.init1)
 *(.init1)
 *(.init2)
 .init2         0x0000007c        0xc C:/Program Files (x86)/Atmel/Studio/7.0/Packs/atmel/ATmega_DFP/1.1.130/gcc/dev/atmega328p/avr5/crtatmega328p.o
 *(.init2)
 *(.init3)
 *(.init3)
 *(.init4)
 .init4         0x00000088       0x16 c:/program files (x86)/atmel/studio/7.0/toolchain/avr8/avr8-gnu-toolchain/bin/../lib/gcc/avr/5.4.0/avr5\libgcc.a(_copy_data.o)
                0x00000088                __do_copy_data
 .init4         0x0000009e       0x10 c:/program files (x86)/atmel/studio/7.0/toolchain/avr8/avr8-gnu-toolchain/bin/../lib/gcc/avr/5.4.0/avr5\libgcc.a(_clear_bss.o)
                0x0000009e                __do_clear_bss
 *(.init4)
 *(.init5)
 *(.init5)
 *(.init6)
 *(.init6)
 *(.init7)
 *(.init7)
 *(.init8)
 *(.init8)
 *(.init9)
 .init9         0x000000ae        0x8 C:/Program Files (x86)/Atmel/Studio/7.0/Packs/atmel/ATmega_DFP/1.1.130/gcc/dev/atmega328p/avr5/crtatmega328p.o
 *(.init9)
 *(.text)
 .text          0x000000b6        0x4 C:/Program Files (x86)/Atmel/Studio/7.0/Packs/atmel/ATmega_DFP/1.1.130/gcc/dev/atmega328p/avr5/crtatmega328p.o
                0x000000b6                __vector_22
                0x000000b6                __vector_1
                0x000000b6                __vector_24
                0x000000b6                __vector_12
                0x000000b6                __bad_interrupt
                0x000000b6                __vector_6
                0x000000b6                __vector_3
                0x000000b6                __vector_23
                0x000000b6                __vector_25
                0x000000b6                __vector_13
                0x000000b6                __vector_17
                0x000000b6                __vector_19
                0x000000b6                __vector_7
                0x000000b6                __vector_5
                0x000000b6                __vector_4
                0x000000b6                __vector_9
                0x000000b6                __vector_2
                0x000000b6                __vector_21
                0x000000b6                __vector_15
                0x000000b6                __vector_8
                0x000000b6                __vector_14
                0x000000b6                __vector_10
                0x000000b6                __vector_16
                0x000000b6                __vector_18
                0x000000b6                __vector_20
                0x000000ba                . = ALIGN (0x2)
 *(.text.*)
 .text.setup    0x000000ba       0xac main.o
                0x000000ba                setup
 .text.assignData
                0x00000166      0x2b2 main.o
                0x00000166                assignData
 .text.gatherData
                0x00000418      0x182 main.o
                0x00000418                gatherData
 .text.main     0x0000059a       0x2c main.o
                0x0000059a                main
 .text.realTime
                0x000005c6       0x36 main.o
                0x000005c6                realTime
 .text.__vector_11
                0x000005fc       0x5a main.o
                0x000005fc                __vector_11
 .text.copy_address
                0x00000656       0x18 RF/nrf24l01.o
 .text.nRF24L01_init
                0x0000066e       0x14 RF/nrf24l01.o
                0x0000066e                nRF24L01_init
 .text.nRF24L01_send_command
                0x00000682       0x76 RF/nrf24l01.o
                0x00000682                nRF24L01_send_command
 .text.nRF24L01_write_register
                0x000006f8        0x8 RF/nrf24l01.o
                0x000006f8                nRF24L01_write_register
 .text.nRF24L01_read_register
                0x00000700        0x6 RF/nrf24l01.o
                0x00000700                nRF24L01_read_register
 .text.nRF24L01_flush_transmit_message
                0x00000706       0x10 RF/nrf24l01.o
                0x00000706                nRF24L01_flush_transmit_message
 .text.nRF24L01_clear_interrupts
                0x00000716       0x26 RF/nrf24l01.o
                0x00000716                nRF24L01_clear_interrupts
 .text.nRF24L01_begin
                0x0000073c      0x1f4 RF/nrf24l01.o
                0x0000073c                nRF24L01_begin
 .text.nRF24L01_clear_transmit_interrupts
                0x00000930       0x26 RF/nrf24l01.o
                0x00000930                nRF24L01_clear_transmit_interrupts
 .text.nRF24L01_transmit
                0x00000956       0xe0 RF/nrf24l01.o
                0x00000956                nRF24L01_transmit
 .text.enableChannel
                0x00000a36       0x38 System/AnalogMultiplexer.o
                0x00000a36                enableChannel
 .text.bmp085_writemem
                0x00000a6e       0x24 System/BMP180/bmp085.o
                0x00000a6e                bmp085_writemem
 .text.bmp085_readmem
                0x00000a92       0x86 System/BMP180/bmp085.o
                0x00000a92                bmp085_readmem
 .text.bmp085_avaragefilter
                0x00000b18       0x72 System/BMP180/bmp085.o
                0x00000b18                bmp085_avaragefilter
 .text.bmp085_getcalibration
                0x00000b8a      0x18e System/BMP180/bmp085.o
                0x00000b8a                bmp085_getcalibration
 .text.bmp085_getrawtemperature
                0x00000d18       0xfc System/BMP180/bmp085.o
                0x00000d18                bmp085_getrawtemperature
 .text.bmp085_getrawpressure
                0x00000e14      0x2e8 System/BMP180/bmp085.o
                0x00000e14                bmp085_getrawpressure
 .text.bmp085_init
                0x000010fc       0x24 System/BMP180/bmp085.o
                0x000010fc                bmp085_init
 .text.dht_getdata
                0x00001120      0x130 System/dht/dht.o
                0x00001120                dht_getdata
 .text.dht_gettemperaturehumidity
                0x00001250        0x6 System/dht/dht.o
                0x00001250                dht_gettemperaturehumidity
 .text.i2c_init
                0x00001256        0x8 System/i2chw/twimaster.o
                0x00001256                i2c_init
 .text.i2c_start
                0x0000125e       0x4e System/i2chw/twimaster.o
                0x0000125e                i2c_start
 .text.i2c_start_wait
                0x000012ac       0x50 System/i2chw/twimaster.o
                0x000012ac                i2c_start_wait
 .text.i2c_rep_start
                0x000012fc        0x6 System/i2chw/twimaster.o
                0x000012fc                i2c_rep_start
 .text.i2c_stop
                0x00001302       0x12 System/i2chw/twimaster.o
                0x00001302                i2c_stop
 .text.i2c_write
                0x00001314       0x24 System/i2chw/twimaster.o
                0x00001314                i2c_write
 .text.i2c_readAck
                0x00001338       0x16 System/i2chw/twimaster.o
                0x00001338                i2c_readAck
 .text.i2c_readNak
                0x0000134e       0x16 System/i2chw/twimaster.o
                0x0000134e                i2c_readNak
 .text.readLight
                0x00001364       0x10 System/LightSensor.o
                0x00001364                readLight
 .text.ReadADC  0x00001374       0x34 System/ReadADC.o
                0x00001374                ReadADC
 .text.readCapacitance
                0x000013a8       0x66 System/ReadCapacitance.o
                0x000013a8                readCapacitance
 .text.readGas  0x0000140e        0x8 System/ReadGAS.o
                0x0000140e                readGas
 .text.setup_rf
                0x00001416       0x44 System/RF.o
                0x00001416                setup_rf
 .text.transmit
                0x0000145a      0x168 System/RF.o
                0x0000145a                transmit
 .text.intToHex
                0x000015c2      0x118 System/IntegerToHex.o
                0x000015c2                intToHex
 .text.windDirection
                0x000016da       0xd0 System/WindDirection.o
                0x000016da                windDirection
 .text.uart_putchar
                0x000017aa       0x24 UART/STDIO_UART.o
                0x000017aa                uart_putchar
 .text.uart_getchar
                0x000017ce       0x12 UART/STDIO_UART.o
                0x000017ce                uart_getchar
 .text.ioinit   0x000017e0       0x26 UART/STDIO_UART.o
                0x000017e0                ioinit
 .text.avr-libc.fplib
                0x00001806        0x8 c:/program files (x86)/atmel/studio/7.0/toolchain/avr8/avr8-gnu-toolchain/bin/../lib/gcc/avr/5.4.0/../../../../avr/lib/avr5\libm.a(divsf3.o)
                0x00001806                __divsf3
 .text.avr-libc.fplib
                0x0000180e       0xdc c:/program files (x86)/atmel/studio/7.0/toolchain/avr8/avr8-gnu-toolchain/bin/../lib/gcc/avr/5.4.0/../../../../avr/lib/avr5\libm.a(divsf3x.o)
                0x0000182e                __divsf3x
                0x00001834                __divsf3_pse
 .text.avr-libc.fplib
                0x000018ea        0xe c:/program files (x86)/atmel/studio/7.0/toolchain/avr8/avr8-gnu-toolchain/bin/../lib/gcc/avr/5.4.0/../../../../avr/lib/avr5\libm.a(fixsfsi.o)
                0x000018ea                __fixsfsi
 .text.avr-libc.fplib
                0x000018f8       0x5e c:/program files (x86)/atmel/studio/7.0/toolchain/avr8/avr8-gnu-toolchain/bin/../lib/gcc/avr/5.4.0/../../../../avr/lib/avr5\libm.a(fixunssfsi.o)
                0x000018f8                __fixunssfsi
 .text.avr-libc.fplib
                0x00001956       0x7a c:/program files (x86)/atmel/studio/7.0/toolchain/avr8/avr8-gnu-toolchain/bin/../lib/gcc/avr/5.4.0/../../../../avr/lib/avr5\libm.a(floatsisf.o)
                0x00001956                __floatunsisf
                0x0000195a                __floatsisf
 .text.avr-libc.fplib
                0x000019d0        0xc c:/program files (x86)/atmel/studio/7.0/toolchain/avr8/avr8-gnu-toolchain/bin/../lib/gcc/avr/5.4.0/../../../../avr/lib/avr5\libm.a(fp_inf.o)
                0x000019d0                __fp_inf
 .text.avr-libc.fplib
                0x000019dc        0x6 c:/program files (x86)/atmel/studio/7.0/toolchain/avr8/avr8-gnu-toolchain/bin/../lib/gcc/avr/5.4.0/../../../../avr/lib/avr5\libm.a(fp_nan.o)
                0x000019dc                __fp_nan
 .text.avr-libc.fplib
                0x000019e2        0xe c:/program files (x86)/atmel/studio/7.0/toolchain/avr8/avr8-gnu-toolchain/bin/../lib/gcc/avr/5.4.0/../../../../avr/lib/avr5\libm.a(fp_pscA.o)
                0x000019e2                __fp_pscA
 .text.avr-libc.fplib
                0x000019f0        0xe c:/program files (x86)/atmel/studio/7.0/toolchain/avr8/avr8-gnu-toolchain/bin/../lib/gcc/avr/5.4.0/../../../../avr/lib/avr5\libm.a(fp_pscB.o)
                0x000019f0                __fp_pscB
 .text.avr-libc.fplib
                0x000019fe       0x22 c:/program files (x86)/atmel/studio/7.0/toolchain/avr8/avr8-gnu-toolchain/bin/../lib/gcc/avr/5.4.0/../../../../avr/lib/avr5\libm.a(fp_round.o)
                0x000019fe                __fp_round
 .text.avr-libc.fplib
                0x00001a20       0x44 c:/program files (x86)/atmel/studio/7.0/toolchain/avr8/avr8-gnu-toolchain/bin/../lib/gcc/avr/5.4.0/../../../../avr/lib/avr5\libm.a(fp_split3.o)
                0x00001a20                __fp_split3
                0x00001a30                __fp_splitA
 .text.avr-libc.fplib
                0x00001a64        0xe c:/program files (x86)/atmel/studio/7.0/toolchain/avr8/avr8-gnu-toolchain/bin/../lib/gcc/avr/5.4.0/../../../../avr/lib/avr5\libm.a(fp_zero.o)
                0x00001a64                __fp_zero
                0x00001a66                __fp_szero
 .text.avr-libc.fplib
                0x00001a72        0x8 c:/program files (x86)/atmel/studio/7.0/toolchain/avr8/avr8-gnu-toolchain/bin/../lib/gcc/avr/5.4.0/../../../../avr/lib/avr5\libm.a(mulsf3.o)
                0x00001a72                __mulsf3
 .text.avr-libc.fplib
                0x00001a7a       0xd2 c:/program files (x86)/atmel/studio/7.0/toolchain/avr8/avr8-gnu-toolchain/bin/../lib/gcc/avr/5.4.0/../../../../avr/lib/avr5\libm.a(mulsf3x.o)
                0x00001a98                __mulsf3x
                0x00001a9e                __mulsf3_pse
 .text.libgcc.mul
                0x00001b4c       0x20 c:/program files (x86)/atmel/studio/7.0/toolchain/avr8/avr8-gnu-toolchain/bin/../lib/gcc/avr/5.4.0/avr5\libgcc.a(_mulsi3.o)
                0x00001b4c                __mulsi3
 .text.libgcc.div
                0x00001b6c       0x44 c:/program files (x86)/atmel/studio/7.0/toolchain/avr8/avr8-gnu-toolchain/bin/../lib/gcc/avr/5.4.0/avr5\libgcc.a(_udivmodsi4.o)
                0x00001b6c                __udivmodsi4
 .text.libgcc.div
                0x00001bb0       0x2e c:/program files (x86)/atmel/studio/7.0/toolchain/avr8/avr8-gnu-toolchain/bin/../lib/gcc/avr/5.4.0/avr5\libgcc.a(_divmodsi4.o)
                0x00001bb0                __divmodsi4
 .text.libgcc.div
                0x00001bde       0x10 c:/program files (x86)/atmel/studio/7.0/toolchain/avr8/avr8-gnu-toolchain/bin/../lib/gcc/avr/5.4.0/avr5\libgcc.a(_negsi2.o)
                0x00001bde                __negsi2
 .text.libgcc   0x00001bee        0xc c:/program files (x86)/atmel/studio/7.0/toolchain/avr8/avr8-gnu-toolchain/bin/../lib/gcc/avr/5.4.0/avr5\libgcc.a(_tablejump2.o)
                0x00001bee                __tablejump2__
 .text.libgcc.mul
                0x00001bfa       0x16 c:/program files (x86)/atmel/studio/7.0/toolchain/avr8/avr8-gnu-toolchain/bin/../lib/gcc/avr/5.4.0/avr5\libgcc.a(_muluhisi3.o)
                0x00001bfa                __muluhisi3
 .text.libgcc.mul
                0x00001c10       0x10 c:/program files (x86)/atmel/studio/7.0/toolchain/avr8/avr8-gnu-toolchain/bin/../lib/gcc/avr/5.4.0/avr5\libgcc.a(_mulshisi3.o)
                0x00001c10                __mulshisi3
                0x00001c16                __mulohisi3
 .text.libgcc.mul
                0x00001c20       0x1e c:/program files (x86)/atmel/studio/7.0/toolchain/avr8/avr8-gnu-toolchain/bin/../lib/gcc/avr/5.4.0/avr5\libgcc.a(_umulhisi3.o)
                0x00001c20                __umulhisi3
 .text.avr-libc
                0x00001c3e      0x242 c:/program files (x86)/atmel/studio/7.0/toolchain/avr8/avr8-gnu-toolchain/bin/../lib/gcc/avr/5.4.0/../../../../avr/lib/avr5\libc.a(malloc.o)
                0x00001c3e                malloc
                0x00001d6e                free
 .text.avr-libc
                0x00001e80       0x12 c:/program files (x86)/atmel/studio/7.0/toolchain/avr8/avr8-gnu-toolchain/bin/../lib/gcc/avr/5.4.0/../../../../avr/lib/avr5\libc.a(memcpy.o)
                0x00001e80                memcpy
 .text.avr-libc
                0x00001e92        0xe c:/program files (x86)/atmel/studio/7.0/toolchain/avr8/avr8-gnu-toolchain/bin/../lib/gcc/avr/5.4.0/../../../../avr/lib/avr5\libc.a(strcpy.o)
                0x00001e92                strcpy
 .text.avr-libc
                0x00001ea0       0x16 c:/program files (x86)/atmel/studio/7.0/toolchain/avr8/avr8-gnu-toolchain/bin/../lib/gcc/avr/5.4.0/../../../../avr/lib/avr5\libc.a(itoa_ncheck.o)
                0x00001ea0                __itoa_ncheck
 .text.avr-libc
                0x00001eb6       0x34 c:/program files (x86)/atmel/studio/7.0/toolchain/avr8/avr8-gnu-toolchain/bin/../lib/gcc/avr/5.4.0/../../../../avr/lib/avr5\libc.a(utoa_ncheck.o)
                0x00001eb6                __utoa_ncheck
                0x00001eb8                __utoa_common
 .text.avr-libc
                0x00001eea       0x2c c:/program files (x86)/atmel/studio/7.0/toolchain/avr8/avr8-gnu-toolchain/bin/../lib/gcc/avr/5.4.0/../../../../avr/lib/avr5\libc.a(printf.o)
                0x00001eea                printf
 .text.avr-libc
                0x00001f16       0x60 c:/program files (x86)/atmel/studio/7.0/toolchain/avr8/avr8-gnu-toolchain/bin/../lib/gcc/avr/5.4.0/../../../../avr/lib/avr5\libc.a(puts.o)
                0x00001f16                puts
 .text.avr-libc
                0x00001f76      0x3c2 c:/program files (x86)/atmel/studio/7.0/toolchain/avr8/avr8-gnu-toolchain/bin/../lib/gcc/avr/5.4.0/../../../../avr/lib/avr5\libc.a(vfprintf_std.o)
                0x00001f76                vfprintf
 .text.avr-libc
                0x00002338       0x16 c:/program files (x86)/atmel/studio/7.0/toolchain/avr8/avr8-gnu-toolchain/bin/../lib/gcc/avr/5.4.0/../../../../avr/lib/avr5\libc.a(strnlen_P.o)
                0x00002338                strnlen_P
 .text.avr-libc
                0x0000234e       0x16 c:/program files (x86)/atmel/studio/7.0/toolchain/avr8/avr8-gnu-toolchain/bin/../lib/gcc/avr/5.4.0/../../../../avr/lib/avr5\libc.a(strnlen.o)
                0x0000234e                strnlen
 .text.avr-libc
                0x00002364       0x20 c:/program files (x86)/atmel/studio/7.0/toolchain/avr8/avr8-gnu-toolchain/bin/../lib/gcc/avr/5.4.0/../../../../avr/lib/avr5\libc.a(strrev.o)
                0x00002364                strrev
 .text.avr-libc
                0x00002384       0x78 c:/program files (x86)/atmel/studio/7.0/toolchain/avr8/avr8-gnu-toolchain/bin/../lib/gcc/avr/5.4.0/../../../../avr/lib/avr5\libc.a(fputc.o)
                0x00002384                fputc
 .text.avr-libc
                0x000023fc       0xbc c:/program files (x86)/atmel/studio/7.0/toolchain/avr8/avr8-gnu-toolchain/bin/../lib/gcc/avr/5.4.0/../../../../avr/lib/avr5\libc.a(ultoa_invert.o)
                0x000023fc                __ultoa_invert
 .text.avr-libc
                0x000024b8       0x10 C:/Program Files (x86)/Atmel/Studio/7.0/Packs/atmel/ATmega_DFP/1.1.130/gcc/dev/atmega328p/avr5\libatmega328p.a(eerd_byte.o)
                0x000024b8                eeprom_read_byte
 .text.avr-libc
                0x000024c8       0x24 C:/Program Files (x86)/Atmel/Studio/7.0/Packs/atmel/ATmega_DFP/1.1.130/gcc/dev/atmega328p/avr5\libatmega328p.a(eeupd_byte.o)
                0x000024c8                eeprom_update_byte
                0x000024ca                eeprom_update_r18
 .text.libgcc.prologue
                0x000024ec       0x38 c:/program files (x86)/atmel/studio/7.0/toolchain/avr8/avr8-gnu-toolchain/bin/../lib/gcc/avr/5.4.0/avr5\libgcc.a(_prologue.o)
                0x000024ec                __prologue_saves__
 .text.libgcc.prologue
                0x00002524       0x36 c:/program files (x86)/atmel/studio/7.0/toolchain/avr8/avr8-gnu-toolchain/bin/../lib/gcc/avr/5.4.0/avr5\libgcc.a(_epilogue.o)
                0x00002524                __epilogue_restores__
                0x0000255a                . = ALIGN (0x2)
 *(.fini9)
 .fini9         0x0000255a        0x0 c:/program files (x86)/atmel/studio/7.0/toolchain/avr8/avr8-gnu-toolchain/bin/../lib/gcc/avr/5.4.0/avr5\libgcc.a(_exit.o)
                0x0000255a                _exit
                0x0000255a                exit
 *(.fini9)
 *(.fini8)
 *(.fini8)
 *(.fini7)
 *(.fini7)
 *(.fini6)
 *(.fini6)
 *(.fini5)
 *(.fini5)
 *(.fini4)
 *(.fini4)
 *(.fini3)
 *(.fini3)
 *(.fini2)
 *(.fini2)
 *(.fini1)
 *(.fini1)
 *(.fini0)
 .fini0         0x0000255a        0x4 c:/program files (x86)/atmel/studio/7.0/toolchain/avr8/avr8-gnu-toolchain/bin/../lib/gcc/avr/5.4.0/avr5\libgcc.a(_exit.o)
 *(.fini0)
                0x0000255e                _etext = .

.data           0x00800100      0x152 load address 0x0000255e
                0x00800100                PROVIDE (__data_start, .)
 *(.data)
 .data          0x00800100        0x6 c:/program files (x86)/atmel/studio/7.0/toolchain/avr8/avr8-gnu-toolchain/bin/../lib/gcc/avr/5.4.0/../../../../avr/lib/avr5\libc.a(malloc.o)
                0x00800100                __malloc_heap_end
                0x00800102                __malloc_heap_start
                0x00800104                __malloc_margin
 *(.data*)
 .data.wDir     0x00800106        0x2 System/WindDirection.o
                0x00800106                wDir
 .data.mystdin  0x00800108        0xe UART/STDIO_UART.o
 .data.mystdout
                0x00800116        0xe UART/STDIO_UART.o
 *(.rodata)
 .rodata        0x00800124        0x5 System/RF.o
 *(.rodata*)
 .rodata.str1.1
                0x00800129       0xa4 main.o
 .rodata.str1.1
                0x008001cd       0x85 System/RF.o
 *(.gnu.linkonce.d*)
                0x00800252                . = ALIGN (0x2)
                0x00800252                _edata = .
                0x00800252                PROVIDE (__data_end, .)

.bss            0x00800252       0xa7
                0x00800252                PROVIDE (__bss_start, .)
 *(.bss)
 *(.bss*)
 .bss.alert     0x00800252        0x2 main.o
                0x00800252                alert
 .bss.k         0x00800254       0x54 System/BMP180/bmp085.o
 *(COMMON)
 COMMON         0x008002a8       0x47 main.o
                0x008002a8                bmp085_regac4
                0x008002aa                timer
                0x008002ae                bmp085_regb2
                0x008002b0                dataStream
                0x008002d0                bmp085_rawpressure
                0x008002d4                bmp085_regac3
                0x008002d6                bmp085_rawtemperature
                0x008002da                bmp085_regb1
                0x008002dc                bmp085_regac6
                0x008002de                bmp085_regmd
                0x008002e0                bmp085_regac1
                0x008002e2                bmp085_regmb
                0x008002e4                bmp085_regac5
                0x008002e6                bmp085_regmc
                0x008002e8                hex
                0x008002ed                bmp085_regac2
 COMMON         0x008002ef        0x4 c:/program files (x86)/atmel/studio/7.0/toolchain/avr8/avr8-gnu-toolchain/bin/../lib/gcc/avr/5.4.0/../../../../avr/lib/avr5\libc.a(malloc.o)
                0x008002ef                __brkval
                0x008002f1                __flp
 COMMON         0x008002f3        0x6 c:/program files (x86)/atmel/studio/7.0/toolchain/avr8/avr8-gnu-toolchain/bin/../lib/gcc/avr/5.4.0/../../../../avr/lib/avr5\libc.a(iob.o)
                0x008002f3                __iob
                0x008002f9                PROVIDE (__bss_end, .)
                0x0000255e                __data_load_start = LOADADDR (.data)
                0x000026b0                __data_load_end = (__data_load_start + SIZEOF (.data))

.noinit         0x008002f9        0x0
                [!provide]                PROVIDE (__noinit_start, .)
 *(.noinit*)
                [!provide]                PROVIDE (__noinit_end, .)
                0x008002f9                _end = .
                0x008002f9                PROVIDE (__heap_start, .)

.eeprom         0x00810000        0x0
 *(.eeprom*)
                0x00810000                __eeprom_end = .

.fuse
 *(.fuse)
 *(.lfuse)
 *(.hfuse)
 *(.efuse)

.lock
 *(.lock*)

.signature
 *(.signature*)

.user_signatures
 *(.user_signatures*)

.stab
 *(.stab)

.stabstr
 *(.stabstr)

.stab.excl
 *(.stab.excl)

.stab.exclstr
 *(.stab.exclstr)

.stab.index
 *(.stab.index)

.stab.indexstr
 *(.stab.indexstr)

.comment        0x00000000       0x5c
 *(.comment)
 .comment       0x00000000       0x30 main.o
                                 0x31 (size before relaxing)
 .comment       0x00000030       0x31 RF/nrf24l01.o
 .comment       0x00000030       0x31 System/AnalogMultiplexer.o
 .comment       0x00000030       0x31 System/BMP180/bmp085.o
 .comment       0x00000030       0x31 System/dht/dht.o
 .comment       0x00000030       0x31 System/i2chw/twimaster.o
 .comment       0x00000030       0x31 System/LightSensor.o
 .comment       0x00000030       0x31 System/ReadADC.o
 .comment       0x00000030       0x31 System/ReadCapacitance.o
 .comment       0x00000030       0x31 System/ReadGAS.o
 .comment       0x00000030       0x31 System/RF.o
 .comment       0x00000030       0x31 System/IntegerToHex.o
 .comment       0x00000030       0x31 System/WindDirection.o
 .comment       0x00000030       0x31 UART/STDIO_UART.o
 .comment       0x00000030       0x31 c:/program files (x86)/atmel/studio/7.0/toolchain/avr8/avr8-gnu-toolchain/bin/../lib/gcc/avr/5.4.0/../../../../avr/lib/avr5\libc.a(malloc.o)
 .comment       0x00000030       0x31 c:/program files (x86)/atmel/studio/7.0/toolchain/avr8/avr8-gnu-toolchain/bin/../lib/gcc/avr/5.4.0/../../../../avr/lib/avr5\libc.a(iob.o)
 .comment       0x00000030       0x31 c:/program files (x86)/atmel/studio/7.0/toolchain/avr8/avr8-gnu-toolchain/bin/../lib/gcc/avr/5.4.0/../../../../avr/lib/avr5\libc.a(printf.o)
 .comment       0x00000030       0x31 c:/program files (x86)/atmel/studio/7.0/toolchain/avr8/avr8-gnu-toolchain/bin/../lib/gcc/avr/5.4.0/../../../../avr/lib/avr5\libc.a(puts.o)
 .comment       0x00000030       0x2c c:/program files (x86)/atmel/studio/7.0/toolchain/avr8/avr8-gnu-toolchain/bin/../lib/gcc/avr/5.4.0/../../../../avr/lib/avr5\libc.a(vfprintf_std.o)
                                 0x2d (size before relaxing)
 .comment       0x0000005c       0x31 c:/program files (x86)/atmel/studio/7.0/toolchain/avr8/avr8-gnu-toolchain/bin/../lib/gcc/avr/5.4.0/../../../../avr/lib/avr5\libc.a(fputc.o)

.note.gnu.avr.deviceinfo
                0x00000000       0x40
 .note.gnu.avr.deviceinfo
                0x00000000       0x40 C:/Program Files (x86)/Atmel/Studio/7.0/Packs/atmel/ATmega_DFP/1.1.130/gcc/dev/atmega328p/avr5/crtatmega328p.o

.note.gnu.build-id
 *(.note.gnu.build-id)

.debug
 *(.debug)

.line
 *(.line)

.debug_srcinfo
 *(.debug_srcinfo)

.debug_sfnames
 *(.debug_sfnames)

.debug_aranges  0x00000000      0x388
 *(.debug_aranges)
 .debug_aranges
                0x00000000       0x50 main.o
 .debug_aranges
                0x00000050       0xb8 RF/nrf24l01.o
 .debug_aranges
                0x00000108       0x20 System/AnalogMultiplexer.o
 .debug_aranges
                0x00000128       0x68 System/BMP180/bmp085.o
 .debug_aranges
                0x00000190       0x38 System/dht/dht.o
 .debug_aranges
                0x000001c8       0x58 System/i2chw/twimaster.o
 .debug_aranges
                0x00000220       0x20 System/LightSensor.o
 .debug_aranges
                0x00000240       0x20 System/ReadADC.o
 .debug_aranges
                0x00000260       0x20 System/ReadCapacitance.o
 .debug_aranges
                0x00000280       0x20 System/ReadGAS.o
 .debug_aranges
                0x000002a0       0x38 System/RF.o
 .debug_aranges
                0x000002d8       0x20 System/IntegerToHex.o
 .debug_aranges
                0x000002f8       0x20 System/WindDirection.o
 .debug_aranges
                0x00000318       0x30 UART/STDIO_UART.o
 .debug_aranges
                0x00000348       0x20 C:/Program Files (x86)/Atmel/Studio/7.0/Packs/atmel/ATmega_DFP/1.1.130/gcc/dev/atmega328p/avr5\libatmega328p.a(eerd_byte.o)
 .debug_aranges
                0x00000368       0x20 C:/Program Files (x86)/Atmel/Studio/7.0/Packs/atmel/ATmega_DFP/1.1.130/gcc/dev/atmega328p/avr5\libatmega328p.a(eeupd_byte.o)

.debug_pubnames
 *(.debug_pubnames)

.debug_info     0x00000000     0x4129
 *(.debug_info .gnu.linkonce.wi.*)
 .debug_info    0x00000000      0x5f4 C:/Program Files (x86)/Atmel/Studio/7.0/Packs/atmel/ATmega_DFP/1.1.130/gcc/dev/atmega328p/avr5/crtatmega328p.o
 .debug_info    0x000005f4      0x9ed main.o
 .debug_info    0x00000fe1     0x10e8 RF/nrf24l01.o
 .debug_info    0x000020c9       0xe8 System/AnalogMultiplexer.o
 .debug_info    0x000021b1      0x90e System/BMP180/bmp085.o
 .debug_info    0x00002abf      0x45a System/dht/dht.o
 .debug_info    0x00002f19      0x1bd System/i2chw/twimaster.o
 .debug_info    0x000030d6      0x126 System/LightSensor.o
 .debug_info    0x000031fc       0xf8 System/ReadADC.o
 .debug_info    0x000032f4      0x12e System/ReadCapacitance.o
 .debug_info    0x00003422      0x101 System/ReadGAS.o
 .debug_info    0x00003523      0x564 System/RF.o
 .debug_info    0x00003a87      0x1f3 System/IntegerToHex.o
 .debug_info    0x00003c7a      0x12f System/WindDirection.o
 .debug_info    0x00003da9      0x227 UART/STDIO_UART.o
 .debug_info    0x00003fd0       0xac C:/Program Files (x86)/Atmel/Studio/7.0/Packs/atmel/ATmega_DFP/1.1.130/gcc/dev/atmega328p/avr5\libatmega328p.a(eerd_byte.o)
 .debug_info    0x0000407c       0xad C:/Program Files (x86)/Atmel/Studio/7.0/Packs/atmel/ATmega_DFP/1.1.130/gcc/dev/atmega328p/avr5\libatmega328p.a(eeupd_byte.o)

.debug_abbrev   0x00000000     0x17b8
 *(.debug_abbrev)
 .debug_abbrev  0x00000000      0x5a2 C:/Program Files (x86)/Atmel/Studio/7.0/Packs/atmel/ATmega_DFP/1.1.130/gcc/dev/atmega328p/avr5/crtatmega328p.o
 .debug_abbrev  0x000005a2      0x28c main.o
 .debug_abbrev  0x0000082e      0x241 RF/nrf24l01.o
 .debug_abbrev  0x00000a6f       0x96 System/AnalogMultiplexer.o
 .debug_abbrev  0x00000b05      0x21a System/BMP180/bmp085.o
 .debug_abbrev  0x00000d1f      0x18a System/dht/dht.o
 .debug_abbrev  0x00000ea9       0xe5 System/i2chw/twimaster.o
 .debug_abbrev  0x00000f8e       0xc1 System/LightSensor.o
 .debug_abbrev  0x0000104f       0x98 System/ReadADC.o
 .debug_abbrev  0x000010e7       0xd0 System/ReadCapacitance.o
 .debug_abbrev  0x000011b7       0xb4 System/ReadGAS.o
 .debug_abbrev  0x0000126b      0x195 System/RF.o
 .debug_abbrev  0x00001400      0x16b System/IntegerToHex.o
 .debug_abbrev  0x0000156b       0xbf System/WindDirection.o
 .debug_abbrev  0x0000162a      0x166 UART/STDIO_UART.o
 .debug_abbrev  0x00001790       0x14 C:/Program Files (x86)/Atmel/Studio/7.0/Packs/atmel/ATmega_DFP/1.1.130/gcc/dev/atmega328p/avr5\libatmega328p.a(eerd_byte.o)
 .debug_abbrev  0x000017a4       0x14 C:/Program Files (x86)/Atmel/Studio/7.0/Packs/atmel/ATmega_DFP/1.1.130/gcc/dev/atmega328p/avr5\libatmega328p.a(eeupd_byte.o)

.debug_line     0x00000000     0x2127
 *(.debug_line .debug_line.* .debug_line_end)
 .debug_line    0x00000000      0x133 C:/Program Files (x86)/Atmel/Studio/7.0/Packs/atmel/ATmega_DFP/1.1.130/gcc/dev/atmega328p/avr5/crtatmega328p.o
 .debug_line    0x00000133      0x656 main.o
 .debug_line    0x00000789      0x564 RF/nrf24l01.o
 .debug_line    0x00000ced      0x108 System/AnalogMultiplexer.o
 .debug_line    0x00000df5      0x445 System/BMP180/bmp085.o
 .debug_line    0x0000123a      0x28c System/dht/dht.o
 .debug_line    0x000014c6      0x2c5 System/i2chw/twimaster.o
 .debug_line    0x0000178b       0x6e System/LightSensor.o
 .debug_line    0x000017f9       0xe8 System/ReadADC.o
 .debug_line    0x000018e1       0xee System/ReadCapacitance.o
 .debug_line    0x000019cf       0x64 System/ReadGAS.o
 .debug_line    0x00001a33      0x22e System/RF.o
 .debug_line    0x00001c61      0x15b System/IntegerToHex.o
 .debug_line    0x00001dbc      0x10e System/WindDirection.o
 .debug_line    0x00001eca      0x12d UART/STDIO_UART.o
 .debug_line    0x00001ff7       0x7a C:/Program Files (x86)/Atmel/Studio/7.0/Packs/atmel/ATmega_DFP/1.1.130/gcc/dev/atmega328p/avr5\libatmega328p.a(eerd_byte.o)
 .debug_line    0x00002071       0xb6 C:/Program Files (x86)/Atmel/Studio/7.0/Packs/atmel/ATmega_DFP/1.1.130/gcc/dev/atmega328p/avr5\libatmega328p.a(eeupd_byte.o)

.debug_frame    0x00000000      0x894
 *(.debug_frame)
 .debug_frame   0x00000000      0x128 main.o
 .debug_frame   0x00000128      0x26c RF/nrf24l01.o
 .debug_frame   0x00000394       0x24 System/AnalogMultiplexer.o
 .debug_frame   0x000003b8      0x19c System/BMP180/bmp085.o
 .debug_frame   0x00000554       0x98 System/dht/dht.o
 .debug_frame   0x000005ec       0xa0 System/i2chw/twimaster.o
 .debug_frame   0x0000068c       0x24 System/LightSensor.o
 .debug_frame   0x000006b0       0x24 System/ReadADC.o
 .debug_frame   0x000006d4       0x44 System/ReadCapacitance.o
 .debug_frame   0x00000718       0x24 System/ReadGAS.o
 .debug_frame   0x0000073c       0xc4 System/RF.o
 .debug_frame   0x00000800       0x24 System/IntegerToHex.o
 .debug_frame   0x00000824       0x24 System/WindDirection.o
 .debug_frame   0x00000848       0x4c UART/STDIO_UART.o

.debug_str      0x00000000      0xc2c
 *(.debug_str)
 .debug_str     0x00000000      0x208 C:/Program Files (x86)/Atmel/Studio/7.0/Packs/atmel/ATmega_DFP/1.1.130/gcc/dev/atmega328p/avr5/crtatmega328p.o
 .debug_str     0x00000208      0x3be main.o
                                0x418 (size before relaxing)
 .debug_str     0x000005c6      0x2b5 RF/nrf24l01.o
                                0x463 (size before relaxing)
 .debug_str     0x0000087b       0x2c System/AnalogMultiplexer.o
                                0x1be (size before relaxing)
 .debug_str     0x000008a7      0x146 System/BMP180/bmp085.o
                                0x3fc (size before relaxing)
 .debug_str     0x000009ed       0x57 System/dht/dht.o
                                0x27f (size before relaxing)
 .debug_str     0x00000a44       0x2b System/i2chw/twimaster.o
                                0x202 (size before relaxing)
 .debug_str     0x00000a6f       0x26 System/LightSensor.o
                                0x1c8 (size before relaxing)
 .debug_str     0x00000a95       0x19 System/ReadADC.o
                                0x1bc (size before relaxing)
 .debug_str     0x00000aae       0x33 System/ReadCapacitance.o
                                0x1e3 (size before relaxing)
 .debug_str     0x00000ae1       0x1b System/ReadGAS.o
                                0x1b5 (size before relaxing)
 .debug_str     0x00000afc       0x5c System/RF.o
                                0x30c (size before relaxing)
 .debug_str     0x00000b58       0x45 System/IntegerToHex.o
                                0x1e2 (size before relaxing)
 .debug_str     0x00000b9d       0x1f System/WindDirection.o
                                0x1cd (size before relaxing)
 .debug_str     0x00000bbc       0x70 UART/STDIO_UART.o
                                0x1fe (size before relaxing)

.debug_loc      0x00000000     0x2f61
 *(.debug_loc)
 .debug_loc     0x00000000      0x692 main.o
 .debug_loc     0x00000692      0xce6 RF/nrf24l01.o
 .debug_loc     0x00001378       0x44 System/AnalogMultiplexer.o
 .debug_loc     0x000013bc      0xe8d System/BMP180/bmp085.o
 .debug_loc     0x00002249      0x547 System/dht/dht.o
 .debug_loc     0x00002790      0x12d System/i2chw/twimaster.o
 .debug_loc     0x000028bd       0x21 System/ReadADC.o
 .debug_loc     0x000028de       0xdb System/ReadCapacitance.o
 .debug_loc     0x000029b9      0x2d2 System/RF.o
 .debug_loc     0x00002c8b      0x207 System/IntegerToHex.o
 .debug_loc     0x00002e92       0x37 System/WindDirection.o
 .debug_loc     0x00002ec9       0x98 UART/STDIO_UART.o

.debug_macinfo
 *(.debug_macinfo)

.debug_weaknames
 *(.debug_weaknames)

.debug_funcnames
 *(.debug_funcnames)

.debug_typenames
 *(.debug_typenames)

.debug_varnames
 *(.debug_varnames)

.debug_pubtypes
 *(.debug_pubtypes)

.debug_ranges   0x00000000      0x288
 *(.debug_ranges)
 .debug_ranges  0x00000000       0x40 main.o
 .debug_ranges  0x00000040       0xa8 RF/nrf24l01.o
 .debug_ranges  0x000000e8       0x10 System/AnalogMultiplexer.o
 .debug_ranges  0x000000f8       0x58 System/BMP180/bmp085.o
 .debug_ranges  0x00000150       0x48 System/dht/dht.o
 .debug_ranges  0x00000198       0x48 System/i2chw/twimaster.o
 .debug_ranges  0x000001e0       0x10 System/LightSensor.o
 .debug_ranges  0x000001f0       0x10 System/ReadADC.o
 .debug_ranges  0x00000200       0x10 System/ReadCapacitance.o
 .debug_ranges  0x00000210       0x10 System/ReadGAS.o
 .debug_ranges  0x00000220       0x28 System/RF.o
 .debug_ranges  0x00000248       0x10 System/IntegerToHex.o
 .debug_ranges  0x00000258       0x10 System/WindDirection.o
 .debug_ranges  0x00000268       0x20 UART/STDIO_UART.o

.debug_macro
 *(.debug_macro)
OUTPUT(EMS.elf elf32-avr)
LOAD linker stubs
